jainc@Nightmare_21 MINGW64 ~/Desktop/DemoProject (master)
$ git remote add origin https://github.com/chaaritra21/DemoProject.git

jainc@Nightmare_21 MINGW64 ~/Desktop/DemoProject (master)
$ git push -u origin master
remote: Invalid username or password.
fatal: Authentication failed for 'https://github.com/chaaritra21/DemoProject.git/'

jainc@Nightmare_21 MINGW64 ~/Desktop/DemoProject (master)
$ ^C

jainc@Nightmare_21 MINGW64 ~/Desktop/DemoProject (master)
$ git remote add origin https://github.com/chaaritra21/DemoProject.git
error: remote origin already exists.

jainc@Nightmare_21 MINGW64 ~/Desktop/DemoProject (master)
$ git push -u origin master
Enumerating objects: 6, done.
Counting objects: 100% (6/6), done.
Delta compression using up to 12 threads
Compressing objects: 100% (5/5), done.
Writing objects: 100% (6/6), 2.40 KiB | 2.40 MiB/s, done.
Total 6 (delta 1), reused 0 (delta 0), pack-reused 0
remote: Resolving deltas: 100% (1/1), done.
To https://github.com/chaaritra21/DemoProject.git
 * [new branch]      master -> master
branch 'master' set up to track 'origin/master'.

jainc@Nightmare_21 MINGW64 ~/Desktop/DemoProject (master)
$ git add .

jainc@Nightmare_21 MINGW64 ~/Desktop/DemoProject (master)
$ git commit -am 'updated change'
[master 8e347c2] updated change
 1 file changed, 1 insertion(+), 1 deletion(-)

jainc@Nightmare_21 MINGW64 ~/Desktop/DemoProject (master)
$ git push
Enumerating objects: 5, done.
Counting objects: 100% (5/5), done.
Delta compression using up to 12 threads
Compressing objects: 100% (3/3), done.
Writing objects: 100% (3/3), 334 bytes | 334.00 KiB/s, done.
Total 3 (delta 0), reused 0 (delta 0), pack-reused 0
To https://github.com/chaaritra21/DemoProject.git
   32d7846..8e347c2  master -> master

jainc@Nightmare_21 MINGW64 ~/Desktop/DemoProject (master)
